// Vitest Snapshot v1

exports[`app > run (--dry-run) [ '.', '--root=dist', '--output=temp' ] 1`] = `
"dist/SourceFile.js -> temp/SourceFile.mjs Generated
dist/app.js -> temp/app.mjs Generated
dist/app.test.js -> temp/app.test.mjs Generated
dist/fileUtils.js -> temp/fileUtils.mjs Generated
dist/findFiles.js -> temp/findFiles.mjs Generated
dist/processFile.js -> temp/processFile.mjs Generated
dist/processFile.test.js -> temp/processFile.test.mjs Generated
dist/processFiles.js -> temp/processFiles.mjs Generated
dist/readSourceFile.js -> temp/readSourceFile.mjs Generated
dist/test.util.js -> temp/test.util.mjs Generated
done."
`;

exports[`app > run (--dry-run) [ '.', …(2) ] 1`] = `
"done.
fixtures/sample/lib/app.d.ts -> temp/app.d.mts Generated
fixtures/sample/lib/app.d.ts.map - copy
fixtures/sample/lib/app.d.ts.map -> temp/app.d.mts.map Generated
fixtures/sample/lib/app.js -> temp/app.mjs Generated
fixtures/sample/lib/app.js.map - copy
fixtures/sample/lib/app.js.map -> temp/app.mjs.map Generated
fixtures/sample/lib/database/fetch.d.ts -> temp/database/fetch.d.mts Generated
fixtures/sample/lib/database/fetch.d.ts.map - copy
fixtures/sample/lib/database/fetch.d.ts.map -> temp/database/fetch.d.mts.map Generated
fixtures/sample/lib/database/fetch.js -> temp/database/fetch.mjs Generated
fixtures/sample/lib/database/fetch.js.map - copy
fixtures/sample/lib/database/fetch.js.map -> temp/database/fetch.mjs.map Generated
fixtures/sample/lib/database/index.d.ts -> temp/database/index.d.mts Generated
fixtures/sample/lib/database/index.d.ts.map - copy
fixtures/sample/lib/database/index.d.ts.map -> temp/database/index.d.mts.map Generated
fixtures/sample/lib/database/index.js -> temp/database/index.mjs Generated
fixtures/sample/lib/database/index.js.map - copy
fixtures/sample/lib/database/index.js.map -> temp/database/index.mjs.map Generated
fixtures/sample/lib/index.d.ts -> temp/index.d.mts Generated
fixtures/sample/lib/index.d.ts.map - copy
fixtures/sample/lib/index.d.ts.map -> temp/index.d.mts.map Generated
fixtures/sample/lib/index.js -> temp/index.mjs Generated
fixtures/sample/lib/index.js.map - copy
fixtures/sample/lib/index.js.map -> temp/index.mjs.map Generated
fixtures/sample/lib/lookup.d.ts -> temp/lookup.d.mts Generated
fixtures/sample/lib/lookup.d.ts.map - copy
fixtures/sample/lib/lookup.d.ts.map -> temp/lookup.d.mts.map Generated
fixtures/sample/lib/lookup.js -> temp/lookup.mjs Generated
fixtures/sample/lib/lookup.js.map - copy
fixtures/sample/lib/lookup.js.map -> temp/lookup.mjs.map Generated
fixtures/sample/lib/types.d.ts -> temp/types.d.mts Generated
fixtures/sample/lib/types.d.ts.map - copy
fixtures/sample/lib/types.d.ts.map -> temp/types.d.mts.map Generated
fixtures/sample/lib/types.js -> temp/types.mjs Generated
fixtures/sample/lib/types.js.map - copy
fixtures/sample/lib/types.js.map -> temp/types.mjs.map Generated"
`;

exports[`app > run (--dry-run) [ 'fixtures/sample/lib' ] 1`] = `
"done.
fixtures/sample/lib/app.d.ts -> fixtures/sample/lib/app.d.mts Generated
fixtures/sample/lib/app.d.ts.map -> fixtures/sample/lib/app.d.mts.map Generated
fixtures/sample/lib/app.js -> fixtures/sample/lib/app.mjs Generated
fixtures/sample/lib/app.js.map -> fixtures/sample/lib/app.mjs.map Generated
fixtures/sample/lib/database/fetch.d.ts -> fixtures/sample/lib/database/fetch.d.mts Generated
fixtures/sample/lib/database/fetch.d.ts.map -> fixtures/sample/lib/database/fetch.d.mts.map Generated
fixtures/sample/lib/database/fetch.js -> fixtures/sample/lib/database/fetch.mjs Generated
fixtures/sample/lib/database/fetch.js.map -> fixtures/sample/lib/database/fetch.mjs.map Generated
fixtures/sample/lib/database/index.d.ts -> fixtures/sample/lib/database/index.d.mts Generated
fixtures/sample/lib/database/index.d.ts.map -> fixtures/sample/lib/database/index.d.mts.map Generated
fixtures/sample/lib/database/index.js -> fixtures/sample/lib/database/index.mjs Generated
fixtures/sample/lib/database/index.js.map -> fixtures/sample/lib/database/index.mjs.map Generated
fixtures/sample/lib/index.d.ts -> fixtures/sample/lib/index.d.mts Generated
fixtures/sample/lib/index.d.ts.map -> fixtures/sample/lib/index.d.mts.map Generated
fixtures/sample/lib/index.js -> fixtures/sample/lib/index.mjs Generated
fixtures/sample/lib/index.js.map -> fixtures/sample/lib/index.mjs.map Generated
fixtures/sample/lib/lookup.d.ts -> fixtures/sample/lib/lookup.d.mts Generated
fixtures/sample/lib/lookup.d.ts.map -> fixtures/sample/lib/lookup.d.mts.map Generated
fixtures/sample/lib/lookup.js -> fixtures/sample/lib/lookup.mjs Generated
fixtures/sample/lib/lookup.js.map -> fixtures/sample/lib/lookup.mjs.map Generated
fixtures/sample/lib/types.d.ts -> fixtures/sample/lib/types.d.mts Generated
fixtures/sample/lib/types.d.ts.map -> fixtures/sample/lib/types.d.mts.map Generated
fixtures/sample/lib/types.js -> fixtures/sample/lib/types.mjs Generated
fixtures/sample/lib/types.js.map -> fixtures/sample/lib/types.mjs.map Generated"
`;

exports[`app > run (--dry-run) [ 'fixtures/sample/lib' ] 2`] = `
"done.
fixtures/sample/lib/app.d.ts -> fixtures/sample/lib/app.d.mts Generated
fixtures/sample/lib/app.d.ts.map -> fixtures/sample/lib/app.d.mts.map Generated
fixtures/sample/lib/app.js -> fixtures/sample/lib/app.mjs Generated
fixtures/sample/lib/app.js.map -> fixtures/sample/lib/app.mjs.map Generated
fixtures/sample/lib/database/fetch.d.ts -> fixtures/sample/lib/database/fetch.d.mts Generated
fixtures/sample/lib/database/fetch.d.ts.map -> fixtures/sample/lib/database/fetch.d.mts.map Generated
fixtures/sample/lib/database/fetch.js -> fixtures/sample/lib/database/fetch.mjs Generated
fixtures/sample/lib/database/fetch.js.map -> fixtures/sample/lib/database/fetch.mjs.map Generated
fixtures/sample/lib/database/index.d.ts -> fixtures/sample/lib/database/index.d.mts Generated
fixtures/sample/lib/database/index.d.ts.map -> fixtures/sample/lib/database/index.d.mts.map Generated
fixtures/sample/lib/database/index.js -> fixtures/sample/lib/database/index.mjs Generated
fixtures/sample/lib/database/index.js.map -> fixtures/sample/lib/database/index.mjs.map Generated
fixtures/sample/lib/index.d.ts -> fixtures/sample/lib/index.d.mts Generated
fixtures/sample/lib/index.d.ts.map -> fixtures/sample/lib/index.d.mts.map Generated
fixtures/sample/lib/index.js -> fixtures/sample/lib/index.mjs Generated
fixtures/sample/lib/index.js.map -> fixtures/sample/lib/index.mjs.map Generated
fixtures/sample/lib/lookup.d.ts -> fixtures/sample/lib/lookup.d.mts Generated
fixtures/sample/lib/lookup.d.ts.map -> fixtures/sample/lib/lookup.d.mts.map Generated
fixtures/sample/lib/lookup.js -> fixtures/sample/lib/lookup.mjs Generated
fixtures/sample/lib/lookup.js.map -> fixtures/sample/lib/lookup.mjs.map Generated
fixtures/sample/lib/types.d.ts -> fixtures/sample/lib/types.d.mts Generated
fixtures/sample/lib/types.d.ts.map -> fixtures/sample/lib/types.d.mts.map Generated
fixtures/sample/lib/types.js -> fixtures/sample/lib/types.mjs Generated
fixtures/sample/lib/types.js.map -> fixtures/sample/lib/types.mjs.map Generated"
`;

exports[`app > run (--dry-run) [ 'not_found', '--no-must-find-files' ] 1`] = `"done."`;

exports[`app > run (actual) [ '.', '--root=fixtures/sample/lib' ] 1`] = `
"done.
fixtures/sample/lib/app.d.ts -> temp/app.d.mts Generated
fixtures/sample/lib/app.d.ts.map - copy
fixtures/sample/lib/app.d.ts.map -> temp/app.d.mts.map Generated
fixtures/sample/lib/app.js -> temp/app.mjs Generated
fixtures/sample/lib/app.js.map - copy
fixtures/sample/lib/app.js.map -> temp/app.mjs.map Generated
fixtures/sample/lib/database/fetch.d.ts -> temp/database/fetch.d.mts Generated
fixtures/sample/lib/database/fetch.d.ts.map - copy
fixtures/sample/lib/database/fetch.d.ts.map -> temp/database/fetch.d.mts.map Generated
fixtures/sample/lib/database/fetch.js -> temp/database/fetch.mjs Generated
fixtures/sample/lib/database/fetch.js.map - copy
fixtures/sample/lib/database/fetch.js.map -> temp/database/fetch.mjs.map Generated
fixtures/sample/lib/database/index.d.ts -> temp/database/index.d.mts Generated
fixtures/sample/lib/database/index.d.ts.map - copy
fixtures/sample/lib/database/index.d.ts.map -> temp/database/index.d.mts.map Generated
fixtures/sample/lib/database/index.js -> temp/database/index.mjs Generated
fixtures/sample/lib/database/index.js.map - copy
fixtures/sample/lib/database/index.js.map -> temp/database/index.mjs.map Generated
fixtures/sample/lib/index.d.ts -> temp/index.d.mts Generated
fixtures/sample/lib/index.d.ts.map - copy
fixtures/sample/lib/index.d.ts.map -> temp/index.d.mts.map Generated
fixtures/sample/lib/index.js -> temp/index.mjs Generated
fixtures/sample/lib/index.js.map - copy
fixtures/sample/lib/index.js.map -> temp/index.mjs.map Generated
fixtures/sample/lib/lookup.d.ts -> temp/lookup.d.mts Generated
fixtures/sample/lib/lookup.d.ts.map - copy
fixtures/sample/lib/lookup.d.ts.map -> temp/lookup.d.mts.map Generated
fixtures/sample/lib/lookup.js -> temp/lookup.mjs Generated
fixtures/sample/lib/lookup.js.map - copy
fixtures/sample/lib/lookup.js.map -> temp/lookup.mjs.map Generated
fixtures/sample/lib/types.d.ts -> temp/types.d.mts Generated
fixtures/sample/lib/types.d.ts.map - copy
fixtures/sample/lib/types.d.ts.map -> temp/types.d.mts.map Generated
fixtures/sample/lib/types.js -> temp/types.mjs Generated
fixtures/sample/lib/types.js.map - copy
fixtures/sample/lib/types.js.map -> temp/types.mjs.map Generated"
`;
