// Vitest Snapshot v1, https://vitest.dev/guide/snapshot.html

exports[`processFile > processFile 'sample/lib/index.d.ts' 1`] = `
"export { PrimeNumber, Tuple, GUID, AddressGuid, Address, PhoneNumberGuid, PhoneNumber, PersonGuid, Person, Annotation, } from './types.mjs';
export { lookUpPerson } from './lookup.mjs';
export { fetchEntity } from './database/index.mjs';
//# sourceMappingURL=index.d.mts.map"
`;

exports[`processFile > processFile 'sample/lib/index.js' 1`] = `
"export { lookUpPerson } from './lookup.mjs';
export { fetchEntity } from './database/index.mjs';
//# sourceMappingURL=index.mjs.map"
`;

exports[`processFile > processFile 'sample/lib-cjs/index.d.ts' 1`] = `
"export { PrimeNumber, Tuple, GUID, AddressGuid, Address, PhoneNumberGuid, PhoneNumber, PersonGuid, Person, Annotation, } from './types.cjs';
export { lookUpPerson } from './lookup.cjs';
export { fetchEntity } from './database/index.cjs';
//# sourceMappingURL=index.d.cts.map"
`;

exports[`processFile > processFile 'sample/lib-cjs/index.js' 1`] = `
"\\"use strict\\";
Object.defineProperty(exports, \\"__esModule\\", { value: true });
exports.fetchEntity = exports.lookUpPerson = void 0;
var lookup_js_1 = require(\\"./lookup.cjs\\");
Object.defineProperty(exports, \\"lookUpPerson\\", { enumerable: true, get: function () { return lookup_js_1.lookUpPerson; } });
var index_js_1 = require(\\"./database/index.cjs\\");
Object.defineProperty(exports, \\"fetchEntity\\", { enumerable: true, get: function () { return index_js_1.fetchEntity; } });
//# sourceMappingURL=index.cjs.map"
`;

exports[`processFile > processFile allowJsOutsideOfRoot 'sample/lib/database/fetch.d.ts' 1`] = `
"import { Entity, GUID } from '../../../../../fixtures/sample/lib/types.js';
export declare function fetchEntity<T extends Entity>(guid: GUID): Promise<T | undefined>;
//# sourceMappingURL=fetch.d.mts.map"
`;
