// Vitest Snapshot v1

exports[`ReadSourceFile > readSourceFile 'sample/lib/index.js' 1`] = `"{\\"version\\":3,\\"file\\":\\"index.js\\",\\"sourceRoot\\":\\"\\",\\"sources\\":[\\"../src/index.ts\\"],\\"names\\":[],\\"mappings\\":\\"AAaA,OAAO,EAAE,YAAY,EAAE,MAAM,aAAa,CAAC;AAE3C,OAAO,EAAE,WAAW,EAAE,MAAM,qBAAqB,CAAC\\"}"`;

exports[`ReadSourceFile > readSourceMap 'sample/lib/index.js.map' 1`] = `"{\\"version\\":3,\\"file\\":\\"index.js\\",\\"sourceRoot\\":\\"\\",\\"sources\\":[\\"../src/index.ts\\"],\\"names\\":[],\\"mappings\\":\\"AAaA,OAAO,EAAE,YAAY,EAAE,MAAM,aAAa,CAAC;AAE3C,OAAO,EAAE,WAAW,EAAE,MAAM,qBAAqB,CAAC\\"}"`;

exports[`ReadSourceFile > readSourceMap 'sample/lib/notfound.js.map' 1`] = `undefined`;
